START 2026-09-18T00:43:43Z
$ npx jest --selectProjects components --verbose --silent
Running one project: components
PASS components __tests__/inventoryA11y.test.tsx
  InventoryScreen accessibility
    ✓ every rendered control exposes a non-empty accessible name (82 ms)
    ✓ the delete control names the drug instead of relying on the 🗑️ emoji alone (154 ms)
    ✓ the +1 quick-count control announces what it adds (131 ms)
    ✓ the search field is labelled for screen readers (31 ms)
    ✓ the active location filter chip announces that it is selected (144 ms)
    ✓ no interactive control is nested inside another (invalid <button> in <button>) (26 ms)

PASS components __tests__/inventoryScreen.test.tsx
  InventoryScreen (rendered)
    ✓ shows the empty state when nothing has been counted (17 ms)
    ✓ renders counted items with their quantity on hand (40 ms)
    ✓ search narrows the list to the matching drug (54 ms)
    ✓ searching by barcode finds the item (57 ms)
    ✓ the +1 control routes to /add in addQty mode so the quantity ADDS (27 ms)
    ✓ survives corrupt storage without crashing the list (12 ms)

Test Suites: 2 passed, 2 total
Tests:       12 passed, 12 total
Snapshots:   0 total
Time:        1.9 s, estimated 2 s
exit=0
END 2026-09-18T00:43:46Z
